// Jest Snapshot v1, https://goo.gl/fbAQLP

exports[`LoginPage Test should render without throwing an error 1`] = `
<div>
  <main
    class="mainSection"
  >
    <div
      class="image-container"
    >
      <span
        style="box-sizing: border-box; display: block; overflow: hidden; background: none; opacity: 1; border: 0px; margin: 0px; padding: 0px; position: absolute; top: 0px; left: 0px; bottom: 0px; right: 0px;"
      >
        <img
          alt="gcorn-logo"
          data-nimg="fill"
          decoding="async"
          src="data:image/gif;base64,R0lGODlhAQABAIAAAAAAAP///yH5BAEAAAAALAAAAAABAAEAAAIBRAA7"
          style="position: absolute; top: 0px; left: 0px; bottom: 0px; right: 0px; box-sizing: border-box; padding: 0px; margin: auto; display: block; width: 0px; height: 0px; min-width: 100%; max-width: 100%; min-height: 100%; max-height: 100%; object-fit: contain;"
        />
        <noscript />
      </span>
    </div>
    <div
      class="WrapperDiv"
    >
      <h1
        class="Header"
      >
        gCorn!
      </h1>
      <p
        class="Tagline"
      >
        A Corner for Geeks
      </p>
    </div>
    <br />
    <input
      class="sc-bdvvtL sc-gsDKAQ fpvgJU ftImbR"
      placeholder="Email Address"
    />
    <input
      class="sc-bdvvtL sc-gsDKAQ fpvgJU ftImbR"
      placeholder="Password"
      type="password"
    />
    <br />
    <button
      class="sc-dkPtRN sc-hKwDye bNgrzi dlxXti"
    >
      Sign In
    </button>
  </main>
</div>
`;
